
> server@1.0.0 dev
> cd src && npx nodemon index.js

npm warn exec The following package was not found and will be installed: nodemon@3.1.14
[33m[nodemon] 3.1.14[39m
[33m[nodemon] to restart at any time, enter `rs`[39m
[33m[nodemon] watching path(s): *.*[39m
[33m[nodemon] watching extensions: js,mjs,cjs,json[39m
[32m[nodemon] starting `node index.js`[39m
node:internal/modules/esm/resolve:274
    throw new ERR_MODULE_NOT_FOUND(
          ^

Error [ERR_MODULE_NOT_FOUND]: Cannot find module '/app/server/src/controllers/Address.controller.js' imported from /app/server/src/router/Address.router.js
    at finalizeResolution (node:internal/modules/esm/resolve:274:11)
    at moduleResolve (node:internal/modules/esm/resolve:859:10)
    at defaultResolve (node:internal/modules/esm/resolve:983:11)
    at #cachedDefaultResolve (node:internal/modules/esm/loader:731:20)
    at ModuleLoader.resolve (node:internal/modules/esm/loader:708:38)
    at ModuleLoader.getModuleJobForImport (node:internal/modules/esm/loader:310:38)
    at ModuleJob._link (node:internal/modules/esm/module_job:182:49)
    at process.processTicksAndRejections (node:internal/process/task_queues:105:5) {
  code: 'ERR_MODULE_NOT_FOUND',
  url: 'file:///app/server/src/controllers/Address.controller.js'
}

Node.js v22.22.0
[31m[nodemon] app crashed - waiting for file changes before starting...[39m
[32m[nodemon] restarting due to changes...[39m
[32m[nodemon] starting `node index.js`[39m
[dotenv@17.2.3] injecting env (0) from ../.env -- tip: 🔐 encrypt with Dotenvx: https://dotenvx.com
server running at : http://localhost:4000/
Error: connect ECONNREFUSED ::1:27017, connect ECONNREFUSED 127.0.0.1:27017
[31m[nodemon] app crashed - waiting for file changes before starting...[39m
